---
source: src/runhaven/cli/tui/tests.rs
expression: snapshot
---
┌──────────────────────────────────────────────────────────────────────────────┐
│                                 Run Dashboard                                │
└──────────────────────────────────────────────────────────────────────────────┘
┌ Active Runs ─────────────────────────────────────────────────────────────────┐
│> abcde...   codex        provider  running       /Users/example/project      │
│                                                                              │
│                                                                              │
│                                                                              │
│                                                                              │
└──────────────────────────────────────────────────────────────────────────────┘
┌ Status ──────────────────────────────────────────────────────────────────────┐
│Marker: running                                                               │
│Container: running                                                            │
│Started: 2026-06-27T00:00:01Z                                                 │
│Image: runhaven/codex:0.1.0                                                   │
│Resources: 4 cpu / 4 GiB                                                      │
└──────────────────────────────────────────────────────────────────────────────┘
┌ Egress Ledger ───────────────────────────────────────────────────────────────┐
│Summary: allowed=3 denied=1                                                   │
│allowed api.openai.com:443 count=3 reason=allowed rule=api.openai.com         │
│denied example.invalid:443 count=1 reason=not-in-allowlist rule=-             │
└──────────────────────────────────────────────────────────────────────────────┘
up/down select · r refresh · enter/l logs · s stop · x kill · e repair · esc ...
 Log snapshots are bounded and explicit because raw output can contain secrets.
