---
source: src/runhaven/cli/tui/tests.rs
expression: snapshot
---
┌──────────────────────────────────────────────────────────────────────────────┐
│                                   Run Logs                                   │
└──────────────────────────────────────────────────────────────────────────────┘
┌ Snapshot ────────────────────────────────────────────────────────────────────┐
│snapshot: 2 returned / 200 requested  truncated=false  tail=true              │
│search: denied                                                                │
│warning: Raw container output can contain secrets or workspace content.       │
└──────────────────────────────────────────────────────────────────────────────┘
┌ Output ──────────────────────────────────────────────────────────────────────┐
│allowed api.openai.com                                                        │
│                      denied example.invalid                                  │
│                                                                              │
│                                                                              │
│                                                                              │
│                                                                              │
│                                                                              │
│                                                                              │
│                                                                              │
│                                                                              │
│                                                                              │
│                                                                              │
└──────────────────────────────────────────────────────────────────────────────┘
     / search · r reload · up/down scroll · t tail · esc dashboard · q quit
    ANSI output is rendered through a parser, not replayed into the terminal.
