---
source: src/runhaven/cli/tui/tests.rs
expression: snapshot
---
┌──────────────────────────────────────────────────────────────────────────────┐
│                                Confirm Control                               │
└──────────────────────────────────────────────────────────────────────────────┘
┌ Control ─────────────────────────────────────────────────────────────────────┐
│Action: Hard stop                                                             │
│Run: abcdef1234567890                                                         │
│Container: runhaven-codex-abcdef-run                                          │
│This forces the container to stop.                                            │
│                                                                              │
│Type kill to confirm.                                                         │
│confirm: ki                                                                   │
│                                                                              │
│                                                                              │
│                                                                              │
│                                                                              │
│                                                                              │
│                                                                              │
│                                                                              │
│                                                                              │
│                                                                              │
│                                                                              │
└──────────────────────────────────────────────────────────────────────────────┘
                           enter execute · esc cancel
   Run controls validate the active marker and RunHaven-owned container first.
