---
source: src/runhaven/cli/tui/tests.rs
expression: snapshot
---
         ▄▄▀▀▀▀▀▀▀▀▀▀▀▀▀▀▀▀▀▀▄
       ▄▀▀▀▀▀▀▀▀▀▀▀▀▀▀▀▀▀▀▀▀▀▀▀▄
      ▄▀▀▀▀▀▀▀▀▀▀▀▀▀▀▀▀▀▀▀▀▀▀▀▀▀
      ▀▀▀▀▀▀▀▀▀▀▀▀▀▀▀▀▀▀▀▀▀▀▀▀▀▀
      ▀▀▀▀▀▀▀▀▀▀▀▀▀▀▀▀▀▀▀▀▀▀▀▀▀▀
      ▀▀▀▀▀▀▀▀▀▀▀▀▀▀▀▀▀▀▀▀▀▀▀▀▀▀
      ▀▀▀▀▀▀▀▀▀▀▀▀▀▀▀▀▀▀▀▀▀▀▀▀▀▀
      ▀▀▀▀▀▀▀▀▀▀▀▀▀▀▀▀▀▀▀▀▀▀▀▀▀▀
      ▀▀▀▀▀▀▀▀▀▀▀▀▀▀▀▀▀▀▀▀▀▀▀▀▀▀       RunHaven
      ▀▀▀▀▀▀▀▀▀▀▀▀▀▀▀▀▀▀▀▀▀▀▀▀▀▀       v0.5.0
      ▀▀▀▀▀▀▀▀▀▀▀▀▀▀▀▀▀▀▀▀▀▀▀▀▀▀
      ▀▀▀▀▀▀▀▀▀▀▀▀▀▀▀▀▀▀▀▀▀▀▀▀▀▀       run agents in a safe haven
      ▀▀▀▀▀▀▀▀▀▀▀▀▀▀▀▀▀▀▀▀▀▀▀▀▀▀
      ▀▀▀▀▀▀▀▀▀▀▀▀▀▀▀▀▀▀▀▀▀▀▀▀
       ▀▀▀▀▀▀▀▀▀▀▀▀▀▀▀▀▀▀▀▀▀▄
      ▄▀▀▀▀▀▀▀▀▀▀▀▀▀▀▀▀▀▀▀▀▀▀▀▄
     ▄▀▀▀▀▀▀▀▀▀▀▀▀▀▀▀▀▀▀▀▀▀▀▀▀▀▄
    ▀▀▀▀▀▀▀▀▀▀▀▀▀▀▀▀▀▀▀▀▀▀▀▀▀▀▀▀▀
   ▀▀▀▀▀▀▀▀▀▀▀▀▀▀▀▀▀▀▀▀▀▀▀▀▀▀▀▀▀▀▄
   ▀▀▀▀▀▀▀▀▀▀▀▀▀▀▀▀▀▀▀▀▀▀▀▀▀▀▀▀▀▀▀
     ▀▀▀▀▀▀▀▀▀▀▀▀▀▀▀▀▀▀▀▀▀▀▀▀▀▀▀
┌ Launcher ────────────────────────────────────────────────────────────────────────────────────────────────────────────┐
│workspace: /workspace                                                                                                 │
│agent: antigravity  default network: provider                                                                         │
│                                                                                                                      │
└──────────────────────────────────────────────────────────────────────────────────────────────────────────────────────┘
┌ Agents ──────────────────────────────────────────────────────────────────────────────────────────────────────────────┐
│> antigravity   Google Antigravity CLI with project-scoped home state.                                                │
│  claude        Claude Code with state isolated under /home/agent/.claude.                                            │
│  codex         OpenAI Codex CLI with workspace-write sandboxing inside the container.                                │
│  copilot       GitHub Copilot CLI with COPILOT_HOME isolated per project.                                            │
│  gemini        Gemini CLI with project-scoped home state.                                                            │
│  shell         Generic shell profile for custom agent images.                                                        │
└──────────────────────────────────────────────────────────────────────────────────────────────────────────────────────┘
                          w workspace · enter inspect · r review · d dashboard · p pet · q quit
                                   RunHaven shows the exact CLI command before launch.
